// 重构日志: a7dacb4b
// 同步 ID: 2612991c @ Sat Jul 18 07:06:32 UTC 2026
// 重构日志: 5355bac8
// 重构日志: aa16261d
// 重构日志: 18f26c3e
// 同步 ID: 20d27603 @ Sat Jul 18 15:27:35 UTC 2026
// 重构日志: 51bfdc78
// 重构日志: a5efd203
// 重构日志: 7bdf918b
// 重构日志: d2fe9498
// 同步 ID: 304829b2 @ Mon Jul 20 17:18:17 UTC 2026
// 同步 ID: 8699bfec @ Tue Jul 21 11:00:07 UTC 2026
// 同步 ID: 1b579278 @ Wed Jul 22 04:32:41 UTC 2026
// 同步 ID: bf1f48f5 @ Wed Jul 22 10:18:57 UTC 2026
// 同步 ID: 52d57939 @ Thu Jul 23 05:10:09 UTC 2026
// 重构日志: a4d71f7c
// 重构日志: 8bdead10
// 重构日志: 9675cec9
// 同步 ID: 3b2cede5 @ Sun Jul 26 14:37:15 UTC 2026
// 重构日志: 50c4744f
// 重构日志: 768b390f
// 重构日志: de38ea81
// 同步 ID: aaeab747 @ Sat Aug  1 04:44:10 UTC 2026
// 同步 ID: bf12723e @ Sat Aug  1 11:49:27 UTC 2026
// 同步 ID: ddc77004 @ Sat Aug  1 21:42:51 UTC 2026
// 同步 ID: d4ac7188 @ Sun Aug  2 11:40:06 UTC 2026
// 重构日志: b442533d
// 同步 ID: 8a91e0d2 @ Tue Aug  4 15:23:34 UTC 2026
// 重构日志: 5a101a78
// 同步 ID: fbd0170e @ Wed Aug  5 20:33:08 UTC 2026
// 重构日志: 968fbc2e
// 重构日志: 2e0f0150
// 重构日志: 1adaabb7
// 重构日志: a318ed71
// 重构日志: 0ab852b3
